
> frontend@0.1.0 test C:\Users\SmitKumar\Desktop\eveything\frontend
> jest --coverage --coverageProvider=v8 "frontend/__test__/item/ProductCard.test.tsx"

pnpm.exe : FAIL __tes
t__/item/ProductCard.
test.tsx
At C:\Users\SmitKumar
\AppData\Local\pnpm\p
npm.ps1:14 char:3
+   & "$basedir/.tool
s/@pnpm+win-x64/10.28
.1/node_modules/@pnpm
/win-x64 ...
+   ~~~~~~~~~~~~~~~~~
~~~~~~~~~~~~~~~~~~~~~
~~~~~~~~~~~~~~~~~~~~~
~~~~~~~~
    + CategoryInfo   
           : NotSpe  
  cified: (FAIL __   
 test__/item/Prod    
uctCard.test.tsx    
:String) [], Rem    
oteException
    + FullyQualified 
   ErrorId : Native  
  CommandError
 
  ΓùÅ Test suite 
failed to run

    Cannot find 
module '@/hooks/useWi
shlist' from '__test_
_/item/ProductCard.te
st.tsx'

    [0m [90m 39 
|[39m 
[36mconst[39m 
mockIsItemInWishlist 
[33m=[39m jest[33m
.[39mfn()[33m;[39m
     [90m 40 |[39m
    [31m[1m>[22m[
39m[90m 41 |[39m je
st[33m.[39mmock([3
2m"@/hooks/useWishlis
t"[39m[33m,[39m 
() [33m=>[39m ({
     [90m    |[39m 
     
[31m[1m^[22m[39m
     [90m 42 |[39m 
    useWishlist[33m:
[39m () 
[33m=>[39m ({
     [90m 43 |[39m 
        toggleWishlis
t[33m:[39m mockTogg
leWishlist[33m,[39m
     [90m 44 |[39m 
        isItemInWishl
ist[33m:[39m mockIs
ItemInWishlist[33m,
[39m[0m

      at Resolver._th
rowModNotFoundError (
node_modules/.pnpm/je
st-resolve@30.2.0/nod
e_modules/jest-resolv
e/build/index.js:863:
11)
      at Object.mock 
(__test__/item/Produc
tCard.test.tsx:41:6)

----------|---------|----------|---------|---------|-------------------
File      | % Stmts | % Branch | % Funcs | % Lines | Uncovered Line #s 
----------|---------|----------|---------|---------|-------------------
All files |       0 |        0 |       0 |       0 |                   
----------|---------|----------|---------|---------|-------------------
Test Suites: 1 
failed, 1 total
Tests:       0 total
Snapshots:   0 total
Time:        1.706 s
Ran all test suites 
matching frontend/__t
est__/item/ProductCar
d.test.tsx.
ΓÇëELIFECYCLEΓÇë Test failed. See above for more details.
